// Jest Snapshot v1, https://goo.gl/fbAQLP

exports[`Spin should render custom indicator when it's set 1`] = `
<div
  class="alu-spin alu-spin-spinning"
>
  <div
    class="custom-indicator alu-spin-dot"
  />
</div>
`;
