// Jest Snapshot v1, https://goo.gl/fbAQLP

exports[`Popconfirm should show overlay when trigger is clicked 1`] = `"<div class=\\"alu-popover-content\\"><div class=\\"alu-popover-arrow\\"></div><div class=\\"alu-popover-inner\\" role=\\"tooltip\\"><div><div class=\\"alu-popover-inner-content\\"><div class=\\"alu-popover-message\\"><i class=\\"anticon anticon-exclamation-circle\\"><svg viewBox=\\"64 64 896 896\\" class=\\"\\" data-icon=\\"exclamation-circle\\" width=\\"1em\\" height=\\"1em\\" fill=\\"currentColor\\" aria-hidden=\\"true\\"><path d=\\"M512 64C264.6 64 64 264.6 64 512s200.6 448 448 448 448-200.6 448-448S759.4 64 512 64zm-32 232c0-4.4 3.6-8 8-8h48c4.4 0 8 3.6 8 8v272c0 4.4-3.6 8-8 8h-48c-4.4 0-8-3.6-8-8V296zm32 440a48.01 48.01 0 0 1 0-96 48.01 48.01 0 0 1 0 96z\\"></path></svg></i><div class=\\"alu-popover-message-title\\">code</div></div><div class=\\"alu-popover-buttons\\"><button type=\\"button\\" class=\\"alu-btn alu-btn-sm\\"><span>Cancel</span></button><button type=\\"button\\" class=\\"alu-btn alu-btn-primary alu-btn-sm\\"><span>OK</span></button></div></div></div></div></div>"`;

exports[`Popconfirm should show overlay when trigger is clicked 2`] = `"<div class=\\"alu-popover-content\\"><div class=\\"alu-popover-arrow\\"></div><div class=\\"alu-popover-inner\\" role=\\"tooltip\\"><div><div class=\\"alu-popover-inner-content\\"><div class=\\"alu-popover-message\\"><i class=\\"anticon anticon-exclamation-circle\\"><svg viewBox=\\"64 64 896 896\\" class=\\"\\" data-icon=\\"exclamation-circle\\" width=\\"1em\\" height=\\"1em\\" fill=\\"currentColor\\" aria-hidden=\\"true\\"><path d=\\"M512 64C264.6 64 64 264.6 64 512s200.6 448 448 448 448-200.6 448-448S759.4 64 512 64zm-32 232c0-4.4 3.6-8 8-8h48c4.4 0 8 3.6 8 8v272c0 4.4-3.6 8-8 8h-48c-4.4 0-8-3.6-8-8V296zm32 440a48.01 48.01 0 0 1 0-96 48.01 48.01 0 0 1 0 96z\\"></path></svg></i><div class=\\"alu-popover-message-title\\">code</div></div><div class=\\"alu-popover-buttons\\"><button type=\\"button\\" class=\\"alu-btn alu-btn-sm\\"><span>Cancel</span></button><button type=\\"button\\" class=\\"alu-btn alu-btn-primary alu-btn-sm\\"><span>OK</span></button></div></div></div></div></div>"`;
